<?xml version="1.0" encoding="utf-8"?><testsuites name="pytest tests"><testsuite name="pytest" errors="1" failures="0" skipped="0" tests="1" time="0.343" timestamp="2026-04-26T15:03:15.215396-04:00" hostname="alfaomegasMini3.lan"><testcase classname="test" name="tests.test_comprehensive" time="0.000"><error message="collection failure">ImportError while importing test module '/private/tmp/options_detective/tests/test_comprehensive.py'.
Hint: make sure your test modules/packages have valid Python names.
Traceback:
/Volumes/MacHD2/alfaomega/.local/share/uv/python/cpython-3.11.14-macos-aarch64-none/lib/python3.11/importlib/__init__.py:126: in import_module
    return _bootstrap._gcd_import(name[level:], package, level)
           ^^^^^^^^^^^^^^^^^^^^^^^^^^^^^^^^^^^^^^^^^^^^^^^^^^^^
tests/test_comprehensive.py:8: in &lt;module&gt;
    from sqlalchemy import create_engine
E   ModuleNotFoundError: No module named 'sqlalchemy'</error></testcase></testsuite></testsuites>